18:48:22 **** Incremental Build of configuration Release for project BT_Audio_APP ****
make pre-build main-build 
..\tools\script.bat

F:\My-Project\MVsB1_BT_Audio_SDK\BT_Audio_APP\Release>cd .. 

F:\My-Project\MVsB1_BT_Audio_SDK\BT_Audio_APP>if exist mp2 (rd /s /q mp2 ) 

F:\My-Project\MVsB1_BT_Audio_SDK\BT_Audio_APP>md mp2 

F:\My-Project\MVsB1_BT_Audio_SDK\BT_Audio_APP>cd remind_res 

F:\My-Project\MVsB1_BT_Audio_SDK\BT_Audio_APP\remind_res>for %i in (16K//*.mp3) do (..\tools\remind_script\ffmpeg.exe -i 16K//%i -ab 24000 -ac 1 -ar 16000 ..\mp2//%i.mp2  1>>info.txt 2>&1 ) 

F:\My-Project\MVsB1_BT_Audio_SDK\BT_Audio_APP\remind_res>(..\tools\remind_script\ffmpeg.exe -i 16K//0.mp3 -ab 24000 -ac 1 -ar 16000 ..\mp2//0.mp3.mp2  1>>info.txt 2>&1 ) 

F:\My-Project\MVsB1_BT_Audio_SDK\BT_Audio_APP\remind_res>(..\tools\remind_script\ffmpeg.exe -i 16K//1.mp3 -ab 24000 -ac 1 -ar 16000 ..\mp2//1.mp3.mp2  1>>info.txt 2>&1 ) 

F:\My-Project\MVsB1_BT_Audio_SDK\BT_Audio_APP\remind_res>(..\tools\remind_script\ffmpeg.exe -i 16K//2.mp3 -ab 24000 -ac 1 -ar 16000 ..\mp2//2.mp3.mp2  1>>info.txt 2>&1 ) 

F:\My-Project\MVsB1_BT_Audio_SDK\BT_Audio_APP\remind_res>(..\tools\remind_script\ffmpeg.exe -i 16K//3.mp3 -ab 24000 -ac 1 -ar 16000 ..\mp2//3.mp3.mp2  1>>info.txt 2>&1 ) 

F:\My-Project\MVsB1_BT_Audio_SDK\BT_Audio_APP\remind_res>(..\tools\remind_script\ffmpeg.exe -i 16K//4.mp3 -ab 24000 -ac 1 -ar 16000 ..\mp2//4.mp3.mp2  1>>info.txt 2>&1 ) 

F:\My-Project\MVsB1_BT_Audio_SDK\BT_Audio_APP\remind_res>(..\tools\remind_script\ffmpeg.exe -i 16K//5.mp3 -ab 24000 -ac 1 -ar 16000 ..\mp2//5.mp3.mp2  1>>info.txt 2>&1 ) 

F:\My-Project\MVsB1_BT_Audio_SDK\BT_Audio_APP\remind_res>(..\tools\remind_script\ffmpeg.exe -i 16K//6.mp3 -ab 24000 -ac 1 -ar 16000 ..\mp2//6.mp3.mp2  1>>info.txt 2>&1 ) 

F:\My-Project\MVsB1_BT_Audio_SDK\BT_Audio_APP\remind_res>(..\tools\remind_script\ffmpeg.exe -i 16K//7.mp3 -ab 24000 -ac 1 -ar 16000 ..\mp2//7.mp3.mp2  1>>info.txt 2>&1 ) 

F:\My-Project\MVsB1_BT_Audio_SDK\BT_Audio_APP\remind_res>(..\tools\remind_script\ffmpeg.exe -i 16K//8.mp3 -ab 24000 -ac 1 -ar 16000 ..\mp2//8.mp3.mp2  1>>info.txt 2>&1 ) 

F:\My-Project\MVsB1_BT_Audio_SDK\BT_Audio_APP\remind_res>(..\tools\remind_script\ffmpeg.exe -i 16K//9.mp3 -ab 24000 -ac 1 -ar 16000 ..\mp2//9.mp3.mp2  1>>info.txt 2>&1 ) 

F:\My-Project\MVsB1_BT_Audio_SDK\BT_Audio_APP\remind_res>(..\tools\remind_script\ffmpeg.exe -i 16K//callring.mp3 -ab 24000 -ac 1 -ar 16000 ..\mp2//callring.mp3.mp2  1>>info.txt 2>&1 ) 

F:\My-Project\MVsB1_BT_Audio_SDK\BT_Audio_APP\remind_res>del info.txt 

F:\My-Project\MVsB1_BT_Audio_SDK\BT_Audio_APP\remind_res>cd .. 

F:\My-Project\MVsB1_BT_Audio_SDK\BT_Audio_APP>for %i in (remind_res//*.mp3) do (tools\remind_script\ffmpeg.exe -i remind_res//%i -ab 32000 -ac 1 mp2//%i.mp2  1>>info.txt 2>&1 ) 

F:\My-Project\MVsB1_BT_Audio_SDK\BT_Audio_APP>(tools\remind_script\ffmpeg.exe -i remind_res//BTmode.mp3 -ab 32000 -ac 1 mp2//BTmode.mp3.mp2  1>>info.txt 2>&1 ) 

F:\My-Project\MVsB1_BT_Audio_SDK\BT_Audio_APP>(tools\remind_script\ffmpeg.exe -i remind_res//btpair.mp3 -ab 32000 -ac 1 mp2//btpair.mp3.mp2  1>>info.txt 2>&1 ) 

F:\My-Project\MVsB1_BT_Audio_SDK\BT_Audio_APP>(tools\remind_script\ffmpeg.exe -i remind_res//bt_con.mp3 -ab 32000 -ac 1 mp2//bt_con.mp3.mp2  1>>info.txt 2>&1 ) 

F:\My-Project\MVsB1_BT_Audio_SDK\BT_Audio_APP>(tools\remind_script\ffmpeg.exe -i remind_res//bt_dis.mp3 -ab 32000 -ac 1 mp2//bt_dis.mp3.mp2  1>>info.txt 2>&1 ) 

F:\My-Project\MVsB1_BT_Audio_SDK\BT_Audio_APP>(tools\remind_script\ffmpeg.exe -i remind_res//cardmode.mp3 -ab 32000 -ac 1 mp2//cardmode.mp3.mp2  1>>info.txt 2>&1 ) 

F:\My-Project\MVsB1_BT_Audio_SDK\BT_Audio_APP>(tools\remind_script\ffmpeg.exe -i remind_res//connect.mp3 -ab 32000 -ac 1 mp2//connect.mp3.mp2  1>>info.txt 2>&1 ) 

F:\My-Project\MVsB1_BT_Audio_SDK\BT_Audio_APP>(tools\remind_script\ffmpeg.exe -i remind_res//disconnect.mp3 -ab 32000 -ac 1 mp2//disconnect.mp3.mp2  1>>info.txt 2>&1 ) 

F:\My-Project\MVsB1_BT_Audio_SDK\BT_Audio_APP>(tools\remind_script\ffmpeg.exe -i remind_res//DLguodi.mp3 -ab 32000 -ac 1 mp2//DLguodi.mp3.mp2  1>>info.txt 2>&1 ) 

F:\My-Project\MVsB1_BT_Audio_SDK\BT_Audio_APP>(tools\remind_script\ffmpeg.exe -i remind_res//FMmode.mp3 -ab 32000 -ac 1 mp2//FMmode.mp3.mp2  1>>info.txt 2>&1 ) 

F:\My-Project\MVsB1_BT_Audio_SDK\BT_Audio_APP>(tools\remind_script\ffmpeg.exe -i remind_res//guanji.mp3 -ab 32000 -ac 1 mp2//guanji.mp3.mp2  1>>info.txt 2>&1 ) 

F:\My-Project\MVsB1_BT_Audio_SDK\BT_Audio_APP>(tools\remind_script\ffmpeg.exe -i remind_res//Gxianmode.mp3 -ab 32000 -ac 1 mp2//Gxianmode.mp3.mp2  1>>info.txt 2>&1 ) 

F:\My-Project\MVsB1_BT_Audio_SDK\BT_Audio_APP>(tools\remind_script\ffmpeg.exe -i remind_res//HDMImode.mp3 -ab 32000 -ac 1 mp2//HDMImode.mp3.mp2  1>>info.txt 2>&1 ) 

F:\My-Project\MVsB1_BT_Audio_SDK\BT_Audio_APP>(tools\remind_script\ffmpeg.exe -i remind_res//i2smode.mp3 -ab 32000 -ac 1 mp2//i2smode.mp3.mp2  1>>info.txt 2>&1 ) 

F:\My-Project\MVsB1_BT_Audio_SDK\BT_Audio_APP>(tools\remind_script\ffmpeg.exe -i remind_res//kaiji.mp3 -ab 32000 -ac 1 mp2//kaiji.mp3.mp2  1>>info.txt 2>&1 ) 

F:\My-Project\MVsB1_BT_Audio_SDK\BT_Audio_APP>(tools\remind_script\ffmpeg.exe -i remind_res//LeftChannel.mp3 -ab 32000 -ac 1 mp2//LeftChannel.mp3.mp2  1>>info.txt 2>&1 ) 

F:\My-Project\MVsB1_BT_Audio_SDK\BT_Audio_APP>(tools\remind_script\ffmpeg.exe -i remind_res//low_power.mp3 -ab 32000 -ac 1 mp2//low_power.mp3.mp2  1>>info.txt 2>&1 ) 

F:\My-Project\MVsB1_BT_Audio_SDK\BT_Audio_APP>(tools\remind_script\ffmpeg.exe -i remind_res//luyin.mp3 -ab 32000 -ac 1 mp2//luyin.mp3.mp2  1>>info.txt 2>&1 ) 

F:\My-Project\MVsB1_BT_Audio_SDK\BT_Audio_APP>(tools\remind_script\ffmpeg.exe -i remind_res//mode_bt.mp3 -ab 32000 -ac 1 mp2//mode_bt.mp3.mp2  1>>info.txt 2>&1 ) 

F:\My-Project\MVsB1_BT_Audio_SDK\BT_Audio_APP>(tools\remind_script\ffmpeg.exe -i remind_res//mode_tws.mp3 -ab 32000 -ac 1 mp2//mode_tws.mp3.mp2  1>>info.txt 2>&1 ) 

F:\My-Project\MVsB1_BT_Audio_SDK\BT_Audio_APP>(tools\remind_script\ffmpeg.exe -i remind_res//MUTE.mp3 -ab 32000 -ac 1 mp2//MUTE.mp3.mp2  1>>info.txt 2>&1 ) 

F:\My-Project\MVsB1_BT_Audio_SDK\BT_Audio_APP>(tools\remind_script\ffmpeg.exe -i remind_res//power_off.mp3 -ab 32000 -ac 1 mp2//power_off.mp3.mp2  1>>info.txt 2>&1 ) 

F:\My-Project\MVsB1_BT_Audio_SDK\BT_Audio_APP>(tools\remind_script\ffmpeg.exe -i remind_res//power_on.mp3 -ab 32000 -ac 1 mp2//power_on.mp3.mp2  1>>info.txt 2>&1 ) 

F:\My-Project\MVsB1_BT_Audio_SDK\BT_Audio_APP>(tools\remind_script\ffmpeg.exe -i remind_res//REChuifang.mp3 -ab 32000 -ac 1 mp2//REChuifang.mp3.mp2  1>>info.txt 2>&1 ) 

F:\My-Project\MVsB1_BT_Audio_SDK\BT_Audio_APP>(tools\remind_script\ffmpeg.exe -i remind_res//RightChannel.mp3 -ab 32000 -ac 1 mp2//RightChannel.mp3.mp2  1>>info.txt 2>&1 ) 

F:\My-Project\MVsB1_BT_Audio_SDK\BT_Audio_APP>(tools\remind_script\ffmpeg.exe -i remind_res//ring.mp3 -ab 32000 -ac 1 mp2//ring.mp3.mp2  1>>info.txt 2>&1 ) 

F:\My-Project\MVsB1_BT_Audio_SDK\BT_Audio_APP>(tools\remind_script\ffmpeg.exe -i remind_res//shangyishou.mp3 -ab 32000 -ac 1 mp2//shangyishou.mp3.mp2  1>>info.txt 2>&1 ) 

F:\My-Project\MVsB1_BT_Audio_SDK\BT_Audio_APP>(tools\remind_script\ffmpeg.exe -i remind_res//shengkamode.mp3 -ab 32000 -ac 1 mp2//shengkamode.mp3.mp2  1>>info.txt 2>&1 ) 

F:\My-Project\MVsB1_BT_Audio_SDK\BT_Audio_APP>(tools\remind_script\ffmpeg.exe -i remind_res//StopRec.mp3 -ab 32000 -ac 1 mp2//StopRec.mp3.mp2  1>>info.txt 2>&1 ) 

F:\My-Project\MVsB1_BT_Audio_SDK\BT_Audio_APP>(tools\remind_script\ffmpeg.exe -i remind_res//tws_con.mp3 -ab 32000 -ac 1 mp2//tws_con.mp3.mp2  1>>info.txt 2>&1 ) 

F:\My-Project\MVsB1_BT_Audio_SDK\BT_Audio_APP>(tools\remind_script\ffmpeg.exe -i remind_res//tws_dis.mp3 -ab 32000 -ac 1 mp2//tws_dis.mp3.mp2  1>>info.txt 2>&1 ) 

F:\My-Project\MVsB1_BT_Audio_SDK\BT_Audio_APP>(tools\remind_script\ffmpeg.exe -i remind_res//Tzhoumode.mp3 -ab 32000 -ac 1 mp2//Tzhoumode.mp3.mp2  1>>info.txt 2>&1 ) 

F:\My-Project\MVsB1_BT_Audio_SDK\BT_Audio_APP>(tools\remind_script\ffmpeg.exe -i remind_res//Upanmode.mp3 -ab 32000 -ac 1 mp2//Upanmode.mp3.mp2  1>>info.txt 2>&1 ) 

F:\My-Project\MVsB1_BT_Audio_SDK\BT_Audio_APP>(tools\remind_script\ffmpeg.exe -i remind_res//updateok.mp3 -ab 32000 -ac 1 mp2//updateok.mp3.mp2  1>>info.txt 2>&1 ) 

F:\My-Project\MVsB1_BT_Audio_SDK\BT_Audio_APP>(tools\remind_script\ffmpeg.exe -i remind_res//Volmax.mp3 -ab 32000 -ac 1 mp2//Volmax.mp3.mp2  1>>info.txt 2>&1 ) 

F:\My-Project\MVsB1_BT_Audio_SDK\BT_Audio_APP>(tools\remind_script\ffmpeg.exe -i remind_res//vol_max.mp3 -ab 32000 -ac 1 mp2//vol_max.mp3.mp2  1>>info.txt 2>&1 ) 

F:\My-Project\MVsB1_BT_Audio_SDK\BT_Audio_APP>(tools\remind_script\ffmpeg.exe -i remind_res//vol_min.mp3 -ab 32000 -ac 1 mp2//vol_min.mp3.mp2  1>>info.txt 2>&1 ) 

F:\My-Project\MVsB1_BT_Audio_SDK\BT_Audio_APP>(tools\remind_script\ffmpeg.exe -i remind_res//xianlumode.mp3 -ab 32000 -ac 1 mp2//xianlumode.mp3.mp2  1>>info.txt 2>&1 ) 

F:\My-Project\MVsB1_BT_Audio_SDK\BT_Audio_APP>(tools\remind_script\ffmpeg.exe -i remind_res//xiayisou.mp3 -ab 32000 -ac 1 mp2//xiayisou.mp3.mp2  1>>info.txt 2>&1 ) 

F:\My-Project\MVsB1_BT_Audio_SDK\BT_Audio_APP>del info.txt 

F:\My-Project\MVsB1_BT_Audio_SDK\BT_Audio_APP>cd mp2 

F:\My-Project\MVsB1_BT_Audio_SDK\BT_Audio_APP\mp2>ren *.mp2 *. 

F:\My-Project\MVsB1_BT_Audio_SDK\BT_Audio_APP\mp2>cd .. 

F:\My-Project\MVsB1_BT_Audio_SDK\BT_Audio_APP>tools\remind_script\MergeAudio2BinNew.exe -a 0x0 -i ..\..\mp2 
Thu Aug 14 18:48:25 2025
MergeAudio2Bin Tools version v4.1 for MVS SDK SoundRemind
current path: F:\My-Project\MVsB1_BT_Audio_SDK\BT_Audio_APP\tools\remind_script
inputdir=..\..\mp2
base address = 0x0
0       : address = 00001000, size = 00000798, fullname = 0.mp3
1       : address = 00001798, size = 000006C0, fullname = 1.mp3
2       : address = 00001E58, size = 00000798, fullname = 2.mp3
3       : address = 000025F0, size = 00000798, fullname = 3.mp3
4       : address = 00002D88, size = 000006C0, fullname = 4.mp3
5       : address = 00003448, size = 00000870, fullname = 5.mp3
6       : address = 00003CB8, size = 000006C0, fullname = 6.mp3
7       : address = 00004378, size = 00000870, fullname = 7.mp3
8       : address = 00004BE8, size = 00000798, fullname = 8.mp3
9       : address = 00005380, size = 00000870, fullname = 9.mp3
BTmode  : address = 00005BF0, size = 00000F82, fullname = BTmode.mp3
btpair  : address = 00006B72, size = 00000F1A, fullname = btpair.mp3
bt_con  : address = 00007A8C, size = 00000EB1, fullname = bt_con.mp3
bt_dis  : address = 0000893D, size = 00001053, fullname = bt_dis.mp3
callring: address = 00009990, size = 00001368, fullname = callring.mp3
cardmode: address = 0000ACF8, size = 00000EB1, fullname = cardmode.mp3
connect : address = 0000BBA9, size = 00001539, fullname = connect.mp3
disconne: address = 0000D0E2, size = 00001053, fullname = disconnect.mp3
DLguodi : address = 0000E135, size = 000019B6, fullname = DLguodi.mp3
FMmode  : address = 0000FAEB, size = 000011F5, fullname = FMmode.mp3
guanji  : address = 00010CE0, size = 00000C3E, fullname = guanji.mp3
Gxianmod: address = 0001191E, size = 00001124, fullname = Gxianmode.mp3
HDMImode: address = 00012A42, size = 00001814, fullname = HDMImode.mp3
i2smode : address = 00014256, size = 000015A1, fullname = i2smode.mp3
kaiji   : address = 000157F7, size = 00000C3E, fullname = kaiji.mp3
LeftChan: address = 00016435, size = 00000C3E, fullname = LeftChannel.mp3
low_powe: address = 00017073, size = 0000118D, fullname = low_power.mp3
luyin   : address = 00018200, size = 00000C3E, fullname = luyin.mp3
mode_bt : address = 00018E3E, size = 00002ADB, fullname = mode_bt.mp3
mode_tws: address = 0001B919, size = 00001AF0, fullname = mode_tws.mp3
MUTE    : address = 0001D409, size = 0000061F, fullname = MUTE.mp3
power_of: address = 0001DA28, size = 00003E0A, fullname = power_off.mp3
power_on: address = 00021832, size = 000077FF, fullname = power_on.mp3
REChuifa: address = 00029031, size = 00000BD6, fullname = REChuifang.mp3
RightCha: address = 00029C07, size = 00000BD6, fullname = RightChannel.mp3
ring    : address = 0002A7DD, size = 0000194E, fullname = ring.mp3
shangyis: address = 0002C12B, size = 00000CA7, fullname = shangyishou.mp3
shengkam: address = 0002CDD2, size = 00000F82, fullname = shengkamode.mp3
StopRec : address = 0002DD54, size = 00000EB1, fullname = StopRec.mp3
tws_con : address = 0002EC05, size = 00001124, fullname = tws_con.mp3
tws_dis : address = 0002FD29, size = 00001124, fullname = tws_dis.mp3
Tzhoumod: address = 00030E4D, size = 00001053, fullname = Tzhoumode.mp3
Upanmode: address = 00031EA0, size = 00001053, fullname = Upanmode.mp3
updateok: address = 00032EF3, size = 00000F1A, fullname = updateok.mp3
Volmax  : address = 00033E0D, size = 00000EB1, fullname = Volmax.mp3
vol_max : address = 00034CBE, size = 000008FA, fullname = vol_max.mp3
vol_min : address = 000355B8, size = 00000272, fullname = vol_min.mp3
xianlumo: address = 0003582A, size = 00000F1A, fullname = xianlumode.mp3
xiayisou: address = 00036744, size = 00000BD6, fullname = xiayisou.mp3
total file size=226074
CRC16 = 0x5AD7
finished...

F:\My-Project\MVsB1_BT_Audio_SDK\BT_Audio_APP>rd /s /q mp2 

F:\My-Project\MVsB1_BT_Audio_SDK\BT_Audio_APP>fc tools\remind_script\sound_remind_item.h app_framework\audio_engine\remind_sound_item.h 
正在比较文件 TOOLS\REMIND_SCRIPT\sound_remind_item.h 和 APP_FRAMEWORK\AUDIO_ENGINE\REMIND_SOUND_ITEM.H
FC: 找不到差异


F:\My-Project\MVsB1_BT_Audio_SDK\BT_Audio_APP>if 0 == 1 (copy tools\remind_script\sound_remind_item.h app_framework\audio_engine\remind_sound_item.h ) 

F:\My-Project\MVsB1_BT_Audio_SDK\BT_Audio_APP>cd tools\sys_parameter_script 

F:\My-Project\MVsB1_BT_Audio_SDK\BT_Audio_APP\tools\sys_parameter_script>copy ..\..\app_src\system_config\parameter.ini parameter.ini 
已复制         1 个文件。

F:\My-Project\MVsB1_BT_Audio_SDK\BT_Audio_APP\tools\sys_parameter_script>sys_parameter parameter.ini sys_parameter.h sys_parameter.bin 
--Nov  8 2021 V1.0.0--
bt_LocalDeviceName	-> BP10_BT
ble_LocalDeviceName	-> BP10_BT_Ble
bt_TxPowerLevel	-> 22
bt_PagePowerLevel	-> 16
BtTrimECO0	-> 22
BtTrim	-> 20
TwsVolSyncEnable	-> 1
bt_CallinRingType	-> 2
bt_BackgroundType	-> 0
bt_SimplePairingEnable	-> 1
bt_PinCode	-> 0000
bt_ReconnectionEnable	-> 1
bt_ReconnectionTryCounts	-> 5
bt_ReconnectionInternalTime	-> 3
bt_BBLostReconnectionEnable	-> 1
bt_BBLostTryCounts	-> 90
bt_BBLostInternalTime	-> 5
bt_TwsReconnectionEnable	-> 1
bt_TwsReconnectionTryCounts	-> 3
bt_TwsReconnectionInternalTime	-> 3
bt_TwsBBLostReconnectionEnable	-> 1
bt_TwsBBLostTryCounts	-> 3
bt_TwsBBLostInternalTime	-> 5
bt_TwsPairingWhenPhoneConnectedSupport	-> 0
bt_TwsConnectedWhenActiveDisconSupport	-> 0

F:\My-Project\MVsB1_BT_Audio_SDK\BT_Audio_APP\tools\sys_parameter_script>del parameter.ini 

F:\My-Project\MVsB1_BT_Audio_SDK\BT_Audio_APP\tools\sys_parameter_script>cd ..\.. 

F:\My-Project\MVsB1_BT_Audio_SDK\BT_Audio_APP>fc tools\sys_parameter_script\sys_parameter.h app_src\components\flash_manage\sys_param_typedef.h 
正在比较文件 TOOLS\SYS_PARAMETER_SCRIPT\sys_parameter.h 和 APP_SRC\COMPONENTS\FLASH_MANAGE\SYS_PARAM_TYPEDEF.H
FC: 找不到差异


F:\My-Project\MVsB1_BT_Audio_SDK\BT_Audio_APP>if 0 == 1 (copy tools\sys_parameter_script\sys_parameter.h app_src\components\flash_manage\sys_param_typedef.h ) 
 
make: Nothing to be done for 'main-build'.

18:48:25 Build Finished (took 3s.564ms)

